CxlResult:/home/azafeer/Desktop/test/reg_sim/reg_sim.cache/compile_simlib/questa/rwd_tlmmodel_v1/.cxl.systemc.sm.rpt =
	ExecutionPlatform = lin64 ,
	SourceLibrary = rwd_tlmmodel_v1 ,
	SourcePath = /cad/xilinx/Vivado/2023.2/data/systemc/simlibs/rwd_tlmmodel/rwd_tlmmodel_v1 ,
	Simulator = questasim ,
	SimulatorVersion = 2022.4 ,
	CompiledLibrary = rwd_tlmmodel_v1 ,
	CompiledPath = /home/azafeer/Desktop/test/reg_sim/reg_sim.cache/compile_simlib/questa/rwd_tlmmodel_v1 ,
	Timestamp = Fri Jan 19 18:36:01 2024 ,
	Time = 1705689360 ,
	Language = systemc ,
	XilinxVersion = 2023.2 ,
	LogFile = /home/azafeer/Desktop/test/reg_sim/reg_sim.cache/compile_simlib/questa/rwd_tlmmodel_v1/.cxl.systemc.sm.log ,
	NumOfErrors = 1 ,
	NumOfWarnings = 0 ,
	Error = /cad/Siemens/2022-23/RHELx86/QUESTA-CORE-PRIME_2022.4/questasim/bin/sccom  -64 -cpppath /tool/gcc/7.4.0/bin/g++ -nodebug -linkshared -lib rwd_tlmmodel_v1  -L/home/azafeer/Desktop/test/reg_sim/reg_sim.cache/compile_simlib/questa/debug_tcp_server_v1 -ldebug_tcp_server_v1  -work rwd_tlmmodel_v1 ,
