CxlResult:/home/azafeer/Desktop/test/reg_sim/reg_sim.cache/compile_simlib/questa/common_cpp_v1_0/.cxl.cpp.sm.rpt =
	ExecutionPlatform = lin64 ,
	SourceLibrary = common_cpp_v1_0 ,
	SourcePath = /cad/xilinx/Vivado/2023.2/data/systemc/simlibs/common_cpp/common_cpp_v1_0 ,
	Simulator = questasim ,
	SimulatorVersion = 2022.4 ,
	CompiledLibrary = common_cpp_v1_0 ,
	CompiledPath = /home/azafeer/Desktop/test/reg_sim/reg_sim.cache/compile_simlib/questa/common_cpp_v1_0 ,
	Timestamp = Fri Jan 19 18:36:01 2024 ,
	Time = 1705689360 ,
	Language = cpp ,
	XilinxVersion = 2023.2 ,
	LogFile = /home/azafeer/Desktop/test/reg_sim/reg_sim.cache/compile_simlib/questa/common_cpp_v1_0/.cxl.cpp.sm.log ,
	NumOfErrors = 1 ,
	NumOfWarnings = 0 ,
	Error = /tool/gcc/7.4.0/bin/g++ /home/azafeer/Desktop/test/reg_sim/reg_sim.cache/compile_simlib/questa/common_cpp_v1_0/properties.o /home/azafeer/Desktop/test/reg_sim/reg_sim.cache/compile_simlib/questa/common_cpp_v1_0/report_handler.o /home/azafeer/Desktop/test/reg_sim/reg_sim.cache/compile_simlib/questa/common_cpp_v1_0/report_handler_container.o /home/azafeer/Desktop/test/reg_sim/reg_sim.cache/compile_simlib/questa/common_cpp_v1_0/report_handler_impl.o    -shared -o /home/azafeer/Desktop/test/reg_sim/reg_sim.cache/compile_simlib/questa/common_cpp_v1_0/libcommon_cpp_v1_0.so ,
