CxlResult:/home/azafeer/Desktop/test/reg_sim/reg_sim.cache/compile_simlib/questa/axi_tg_sc_v1_0/.cxl.systemc.sm.rpt =
	ExecutionPlatform = lin64 ,
	SourceLibrary = axi_tg_sc_v1_0 ,
	SourcePath = /cad/xilinx/Vivado/2023.2/data/systemc/simlibs/axi_tg_sc/axi_tg_sc_v1_0 ,
	Simulator = questasim ,
	SimulatorVersion = 2022.4 ,
	CompiledLibrary = axi_tg_sc_v1_0 ,
	CompiledPath = /home/azafeer/Desktop/test/reg_sim/reg_sim.cache/compile_simlib/questa/axi_tg_sc_v1_0 ,
	Timestamp = Fri Jan 19 18:36:01 2024 ,
	Time = 1705689360 ,
	Language = systemc ,
	XilinxVersion = 2023.2 ,
	LogFile = /home/azafeer/Desktop/test/reg_sim/reg_sim.cache/compile_simlib/questa/axi_tg_sc_v1_0/.cxl.systemc.sm.log ,
	NumOfErrors = 1 ,
	NumOfWarnings = 0 ,
	Error = /cad/Siemens/2022-23/RHELx86/QUESTA-CORE-PRIME_2022.4/questasim/bin/sccom  -64 -cpppath /tool/gcc/7.4.0/bin/g++ -nodebug -linkshared -lib axi_tg_sc_v1_0  -lib axi_tlm_ext_v1_0 -lib xtlm -L/home/azafeer/Desktop/test/reg_sim/reg_sim.cache/compile_simlib/questa/common_cpp_v1_0 -lcommon_cpp_v1_0 -lstdc++fs  -work axi_tg_sc_v1_0 ,
