CxlResult:/home/azafeer/Desktop/test/reg_sim/reg_sim.cache/compile_simlib/questa/debug_tcp_server_v1/.cxl.cpp.sm.rpt =
	ExecutionPlatform = lin64 ,
	SourceLibrary = debug_tcp_server_v1 ,
	SourcePath = /cad/xilinx/Vivado/2023.2/data/systemc/simlibs/debug_tcp_server/debug_tcp_server_v1 ,
	Simulator = questasim ,
	SimulatorVersion = 2022.4 ,
	CompiledLibrary = debug_tcp_server_v1 ,
	CompiledPath = /home/azafeer/Desktop/test/reg_sim/reg_sim.cache/compile_simlib/questa/debug_tcp_server_v1 ,
	Timestamp = Fri Jan 19 18:36:01 2024 ,
	Time = 1705689360 ,
	Language = cpp ,
	XilinxVersion = 2023.2 ,
	LogFile = /home/azafeer/Desktop/test/reg_sim/reg_sim.cache/compile_simlib/questa/debug_tcp_server_v1/.cxl.cpp.sm.log ,
	NumOfErrors = 1 ,
	NumOfWarnings = 0 ,
	Error = /tool/gcc/7.4.0/bin/g++ /home/azafeer/Desktop/test/reg_sim/reg_sim.cache/compile_simlib/questa/debug_tcp_server_v1/RdWrTCPSocket.o    -shared -o /home/azafeer/Desktop/test/reg_sim/reg_sim.cache/compile_simlib/questa/debug_tcp_server_v1/libdebug_tcp_server_v1.so ,
