CxlResult:/home/azafeer/Desktop/test/reg_sim/reg_sim.cache/compile_simlib/questa/remote_port_c_v4/.cxl.c.sm.rpt =
	ExecutionPlatform = lin64 ,
	SourceLibrary = remote_port_c_v4 ,
	SourcePath = /cad/xilinx/Vivado/2023.2/data/systemc/simlibs/remote_port_c/remote_port_c_v4 ,
	Simulator = questasim ,
	SimulatorVersion = 2022.4 ,
	CompiledLibrary = remote_port_c_v4 ,
	CompiledPath = /home/azafeer/Desktop/test/reg_sim/reg_sim.cache/compile_simlib/questa/remote_port_c_v4 ,
	Timestamp = Fri Jan 19 18:36:01 2024 ,
	Time = 1705689360 ,
	Language = c ,
	XilinxVersion = 2023.2 ,
	LogFile = /home/azafeer/Desktop/test/reg_sim/reg_sim.cache/compile_simlib/questa/remote_port_c_v4/.cxl.c.sm.log ,
	NumOfErrors = 1 ,
	NumOfWarnings = 0 ,
	Error = /tool/gcc/7.4.0/bin/gcc /home/azafeer/Desktop/test/reg_sim/reg_sim.cache/compile_simlib/questa/remote_port_c_v4/remote_port_proto.o /home/azafeer/Desktop/test/reg_sim/reg_sim.cache/compile_simlib/questa/remote_port_c_v4/remote_port_sk.o /home/azafeer/Desktop/test/reg_sim/reg_sim.cache/compile_simlib/questa/remote_port_c_v4/safeio.o    -shared -o /home/azafeer/Desktop/test/reg_sim/reg_sim.cache/compile_simlib/questa/remote_port_c_v4/libremote_port_c_v4.so ,
